******************************************************************************
                  MSP430 Linker PC v4.3.1                      
******************************************************************************
>> Linked Tue Apr 15 15:35:29 2014

OUTPUT FILE NAME:   <simonSays.out>
ENTRY POINT SYMBOL: "_c_int00"  address: 0000c6de


MEMORY CONFIGURATION

         name            origin    length      used     unused   attr    fill
----------------------  --------  ---------  --------  --------  ----  --------
  SFR                   00000000   00000010  00000000  00000010  RWIX
  PERIPHERALS_8BIT      00000010   000000f0  00000000  000000f0  RWIX
  PERIPHERALS_16BIT     00000100   00000100  00000000  00000100  RWIX
  RAM                   00000200   00000200  000000b2  0000014e  RWIX
  INFOD                 00001000   00000040  00000000  00000040  RWIX
  INFOC                 00001040   00000040  00000000  00000040  RWIX
  INFOB                 00001080   00000040  00000000  00000040  RWIX
  INFOA                 000010c0   00000040  00000000  00000040  RWIX
  FLASH                 0000c000   00003fe0  000008b0  00003730  RWIX
  INT00                 0000ffe0   00000002  00000000  00000002  RWIX
  INT01                 0000ffe2   00000002  00000000  00000002  RWIX
  INT02                 0000ffe4   00000002  00000000  00000002  RWIX
  INT03                 0000ffe6   00000002  00000000  00000002  RWIX
  INT04                 0000ffe8   00000002  00000000  00000002  RWIX
  INT05                 0000ffea   00000002  00000000  00000002  RWIX
  INT06                 0000ffec   00000002  00000000  00000002  RWIX
  INT07                 0000ffee   00000002  00000000  00000002  RWIX
  INT08                 0000fff0   00000002  00000000  00000002  RWIX
  INT09                 0000fff2   00000002  00000002  00000000  RWIX
  INT10                 0000fff4   00000002  00000000  00000002  RWIX
  INT11                 0000fff6   00000002  00000000  00000002  RWIX
  INT12                 0000fff8   00000002  00000000  00000002  RWIX
  INT13                 0000fffa   00000002  00000000  00000002  RWIX
  INT14                 0000fffc   00000002  00000000  00000002  RWIX
  RESET                 0000fffe   00000002  00000002  00000000  RWIX


SECTION ALLOCATION MAP

 output                                  attributes/
section   page    origin      length       input sections
--------  ----  ----------  ----------   ----------------
.pinit     0    0000c000    00000000     UNINITIALIZED

.bss       0    00000200    00000062     UNINITIALIZED
                  00000200    00000039     main.obj (.bss)
                  00000239    00000001     --HOLE--
                  0000023a    00000020     lcdLib.obj (.bss)
                  0000025a    00000004     rts430.lib : _lock.obj (.bss)
                  0000025e    00000004                : boot.obj (.bss)

.stack     0    000003b0    00000050     UNINITIALIZED
                  000003b0    00000002     rts430.lib : boot.obj (.stack)
                  000003b2    0000004e     --HOLE--

.text      0    0000c000    00000796     
                  0000c000    0000033a     main.obj (.text:main)
                  0000c33a    00000088     lcdLib.obj (.text:lcdInit)
                  0000c3c2    0000006c     lcdLib.obj (.text:iToS)
                  0000c42e    00000058     rts430.lib : div32u.obj (.text)
                  0000c486    00000048                : autoinit.obj (.text:_auto_init)
                  0000c4ce    00000046     lcdLib.obj (.text:lcdWriteCmd)
                  0000c514    00000046     lcdLib.obj (.text:lcdWriteData)
                  0000c55a    00000044     lcdLib.obj (.text:lcdUpdate)
                  0000c59e    0000003a     main.obj (.text:btnRead)
                  0000c5d8    00000032     main.obj (.text:ledAnim)
                  0000c60a    0000002c     rts430.lib : asr16.obj (.text)
                  0000c636    0000002c                : lsl16.obj (.text)
                  0000c662    0000002a     main.obj (.text:delayMsNB)
                  0000c68c    0000002a     lcdLib.obj (.text:lcdSetText)
                  0000c6b6    00000028     main.obj (.text:seqGenerate)
                  0000c6de    00000026     rts430.lib : boot.obj (.text:_c_int00_noexit)
                  0000c704    00000024     main.obj (.text:delayMs)
                  0000c728    00000016     rts430.lib : div16u.obj (.text)
                  0000c73e    00000014     main.obj (.text:randGet)
                  0000c752    00000012     rts430.lib : memcpy.obj (.text:memcpy)
                  0000c764    00000010                : epilog.obj (.text)
                  0000c774    0000000e     lcdLib.obj (.text:lcdTriggerEN)
                  0000c782    0000000a     main.obj (.text:Timer_A)
                  0000c78c    00000004     rts430.lib : pre_init.obj (.text:_system_pre_init)
                  0000c790    00000004                : exit.obj (.text:abort)
                  0000c794    00000002                : _lock.obj (.text:_nop)

.const     0    0000c796    000000d8     
                  0000c796    000000d8     main.obj (.const:.string)

.cinit     0    0000c86e    00000042     
                  0000c86e    00000024     lcdLib.obj (.cinit)
                  0000c892    0000001b     main.obj (.cinit)
                  0000c8ad    00000001     --HOLE-- [fill = 0]
                  0000c8ae    00000002     (.pad.cinit) [fill = 0]

.int09     0    0000fff2    00000002     
                  0000fff2    00000002     main.obj (.int09)

.reset     0    0000fffe    00000002     
                  0000fffe    00000002     rts430.lib : boot.obj (.reset)


GLOBAL SYMBOLS: SORTED ALPHABETICALLY BY Name 

address    name
--------   ----
00000200   .bss
0000c000   .text
0000004a   ADC10AE0
000001b0   ADC10CTL0
000001b2   ADC10CTL1
00000048   ADC10DTC0
00000049   ADC10DTC1
000001b4   ADC10MEM
000001bc   ADC10SA
00000057   BCSCTL1
00000058   BCSCTL2
00000053   BCSCTL3
0000c790   C$$EXIT
00000059   CACTL1
0000005a   CACTL2
000010fb   CALBC1_12MHZ
000010f9   CALBC1_16MHZ
000010ff   CALBC1_1MHZ
000010fd   CALBC1_8MHZ
000010fa   CALDCO_12MHZ
000010f8   CALDCO_16MHZ
000010fe   CALDCO_1MHZ
000010fc   CALDCO_8MHZ
0000005b   CAPD
00000056   DCOCTL
00000128   FCTL1
0000012a   FCTL2
0000012c   FCTL3
00000000   IE1
00000001   IE2
00000002   IFG1
00000003   IFG2
0000c60a   I_ASR
0000c632   I_ASR_1
0000c620   I_ASR_10
0000c61e   I_ASR_11
0000c61c   I_ASR_12
0000c61a   I_ASR_13
0000c618   I_ASR_14
0000c616   I_ASR_15
0000c630   I_ASR_2
0000c62e   I_ASR_3
0000c62c   I_ASR_4
0000c62a   I_ASR_5
0000c628   I_ASR_6
0000c626   I_ASR_7
0000c624   I_ASR_8
0000c622   I_ASR_9
0000c636   I_LSL
0000c65e   I_LSL_1
0000c64c   I_LSL_10
0000c64a   I_LSL_11
0000c648   I_LSL_12
0000c646   I_LSL_13
0000c644   I_LSL_14
0000c642   I_LSL_15
0000c65c   I_LSL_2
0000c65a   I_LSL_3
0000c658   I_LSL_4
0000c656   I_LSL_5
0000c654   I_LSL_6
0000c652   I_LSL_7
0000c650   I_LSL_8
0000c64e   I_LSL_9
00000022   P1DIR
00000025   P1IE
00000024   P1IES
00000023   P1IFG
00000020   P1IN
00000021   P1OUT
00000027   P1REN
00000026   P1SEL
00000041   P1SEL2
0000002a   P2DIR
0000002d   P2IE
0000002c   P2IES
0000002b   P2IFG
00000028   P2IN
00000029   P2OUT
0000002f   P2REN
0000002e   P2SEL
00000042   P2SEL2
0000001a   P3DIR
00000018   P3IN
00000019   P3OUT
00000010   P3REN
0000001b   P3SEL
00000043   P3SEL2
00000172   TA0CCR0
00000174   TA0CCR1
00000176   TA0CCR2
00000162   TA0CCTL0
00000164   TA0CCTL1
00000166   TA0CCTL2
00000160   TA0CTL
0000012e   TA0IV
00000170   TA0R
00000192   TA1CCR0
00000194   TA1CCR1
00000196   TA1CCR2
00000182   TA1CCTL0
00000184   TA1CCTL1
00000186   TA1CCTL2
00000180   TA1CTL
0000011e   TA1IV
00000190   TA1R
000010db   TLV_ADC10_1_LEN
000010da   TLV_ADC10_1_TAG
000010c0   TLV_CHECKSUM
000010f7   TLV_DCO_30_LEN
000010f6   TLV_DCO_30_TAG
0000c782   Timer_A
0000005d   UCA0ABCTL
00000062   UCA0BR0
00000063   UCA0BR1
00000060   UCA0CTL0
00000061   UCA0CTL1
0000005f   UCA0IRRCTL
0000005e   UCA0IRTCTL
00000064   UCA0MCTL
00000066   UCA0RXBUF
00000065   UCA0STAT
00000067   UCA0TXBUF
0000006a   UCB0BR0
0000006b   UCB0BR1
00000068   UCB0CTL0
00000069   UCB0CTL1
0000006c   UCB0I2CIE
00000118   UCB0I2COA
0000011a   UCB0I2CSA
0000006e   UCB0RXBUF
0000006d   UCB0STAT
0000006f   UCB0TXBUF
00000120   WDTCTL
00000400   __STACK_END
00000050   __STACK_SIZE
00000001   __TI_args_main
00000001   __TI_auto_init
0000025e   __TI_cleanup_ptr
00000260   __TI_dtors_ptr
00000001   __TI_exit
0000fff2   __TI_int09
ffffffff   __binit__
00000200   __bss__
ffffffff   __c_args__
0000c86e   __cinit__
0000c728   __divu
0000c42e   __divul
00000262   __end__
0000c796   __etext__
ffffffff   __pinit__
0000c728   __remu
0000c42e   __remul
0000c000   __text__
0000c486   _auto_init
0000c6de   _c_int00
0000c6de   _c_int00_noexit
0000025a   _lock
0000c794   _nop
0000fffe   _reset_vector
000003b0   _stack
0000c78c   _system_pre_init
0000025c   _unlock
0000c790   abort
ffffffff   binit
0000c59e   btnRead
0000c86e   cinit
0000c704   delayMs
0000c662   delayMsNB
00000262   end
0000c796   etext
0000c770   func_epilog_1
0000c76e   func_epilog_2
0000c76c   func_epilog_3
0000c76a   func_epilog_4
0000c768   func_epilog_5
0000c766   func_epilog_6
0000c764   func_epilog_7
0000c3c2   iToS
0000023a   lcdBuffer
0000c33a   lcdInit
0000c68c   lcdSetText
0000c774   lcdTriggerEN
0000c55a   lcdUpdate
0000c4ce   lcdWriteCmd
0000c514   lcdWriteData
0000c5d8   ledAnim
0000c000   main
0000c752   memcpy
ffffffff   pinit
00000204   rand
0000c73e   randGet
0000c6b6   seqGenerate
00000200   time


GLOBAL SYMBOLS: SORTED BY Symbol Address 

address    name
--------   ----
00000000   IE1
00000001   IE2
00000001   __TI_args_main
00000001   __TI_auto_init
00000001   __TI_exit
00000002   IFG1
00000003   IFG2
00000010   P3REN
00000018   P3IN
00000019   P3OUT
0000001a   P3DIR
0000001b   P3SEL
00000020   P1IN
00000021   P1OUT
00000022   P1DIR
00000023   P1IFG
00000024   P1IES
00000025   P1IE
00000026   P1SEL
00000027   P1REN
00000028   P2IN
00000029   P2OUT
0000002a   P2DIR
0000002b   P2IFG
0000002c   P2IES
0000002d   P2IE
0000002e   P2SEL
0000002f   P2REN
00000041   P1SEL2
00000042   P2SEL2
00000043   P3SEL2
00000048   ADC10DTC0
00000049   ADC10DTC1
0000004a   ADC10AE0
00000050   __STACK_SIZE
00000053   BCSCTL3
00000056   DCOCTL
00000057   BCSCTL1
00000058   BCSCTL2
00000059   CACTL1
0000005a   CACTL2
0000005b   CAPD
0000005d   UCA0ABCTL
0000005e   UCA0IRTCTL
0000005f   UCA0IRRCTL
00000060   UCA0CTL0
00000061   UCA0CTL1
00000062   UCA0BR0
00000063   UCA0BR1
00000064   UCA0MCTL
00000065   UCA0STAT
00000066   UCA0RXBUF
00000067   UCA0TXBUF
00000068   UCB0CTL0
00000069   UCB0CTL1
0000006a   UCB0BR0
0000006b   UCB0BR1
0000006c   UCB0I2CIE
0000006d   UCB0STAT
0000006e   UCB0RXBUF
0000006f   UCB0TXBUF
00000118   UCB0I2COA
0000011a   UCB0I2CSA
0000011e   TA1IV
00000120   WDTCTL
00000128   FCTL1
0000012a   FCTL2
0000012c   FCTL3
0000012e   TA0IV
00000160   TA0CTL
00000162   TA0CCTL0
00000164   TA0CCTL1
00000166   TA0CCTL2
00000170   TA0R
00000172   TA0CCR0
00000174   TA0CCR1
00000176   TA0CCR2
00000180   TA1CTL
00000182   TA1CCTL0
00000184   TA1CCTL1
00000186   TA1CCTL2
00000190   TA1R
00000192   TA1CCR0
00000194   TA1CCR1
00000196   TA1CCR2
000001b0   ADC10CTL0
000001b2   ADC10CTL1
000001b4   ADC10MEM
000001bc   ADC10SA
00000200   .bss
00000200   __bss__
00000200   time
00000204   rand
0000023a   lcdBuffer
0000025a   _lock
0000025c   _unlock
0000025e   __TI_cleanup_ptr
00000260   __TI_dtors_ptr
00000262   __end__
00000262   end
000003b0   _stack
00000400   __STACK_END
000010c0   TLV_CHECKSUM
000010da   TLV_ADC10_1_TAG
000010db   TLV_ADC10_1_LEN
000010f6   TLV_DCO_30_TAG
000010f7   TLV_DCO_30_LEN
000010f8   CALDCO_16MHZ
000010f9   CALBC1_16MHZ
000010fa   CALDCO_12MHZ
000010fb   CALBC1_12MHZ
000010fc   CALDCO_8MHZ
000010fd   CALBC1_8MHZ
000010fe   CALDCO_1MHZ
000010ff   CALBC1_1MHZ
0000c000   .text
0000c000   __text__
0000c000   main
0000c33a   lcdInit
0000c3c2   iToS
0000c42e   __divul
0000c42e   __remul
0000c486   _auto_init
0000c4ce   lcdWriteCmd
0000c514   lcdWriteData
0000c55a   lcdUpdate
0000c59e   btnRead
0000c5d8   ledAnim
0000c60a   I_ASR
0000c616   I_ASR_15
0000c618   I_ASR_14
0000c61a   I_ASR_13
0000c61c   I_ASR_12
0000c61e   I_ASR_11
0000c620   I_ASR_10
0000c622   I_ASR_9
0000c624   I_ASR_8
0000c626   I_ASR_7
0000c628   I_ASR_6
0000c62a   I_ASR_5
0000c62c   I_ASR_4
0000c62e   I_ASR_3
0000c630   I_ASR_2
0000c632   I_ASR_1
0000c636   I_LSL
0000c642   I_LSL_15
0000c644   I_LSL_14
0000c646   I_LSL_13
0000c648   I_LSL_12
0000c64a   I_LSL_11
0000c64c   I_LSL_10
0000c64e   I_LSL_9
0000c650   I_LSL_8
0000c652   I_LSL_7
0000c654   I_LSL_6
0000c656   I_LSL_5
0000c658   I_LSL_4
0000c65a   I_LSL_3
0000c65c   I_LSL_2
0000c65e   I_LSL_1
0000c662   delayMsNB
0000c68c   lcdSetText
0000c6b6   seqGenerate
0000c6de   _c_int00
0000c6de   _c_int00_noexit
0000c704   delayMs
0000c728   __divu
0000c728   __remu
0000c73e   randGet
0000c752   memcpy
0000c764   func_epilog_7
0000c766   func_epilog_6
0000c768   func_epilog_5
0000c76a   func_epilog_4
0000c76c   func_epilog_3
0000c76e   func_epilog_2
0000c770   func_epilog_1
0000c774   lcdTriggerEN
0000c782   Timer_A
0000c78c   _system_pre_init
0000c790   C$$EXIT
0000c790   abort
0000c794   _nop
0000c796   __etext__
0000c796   etext
0000c86e   __cinit__
0000c86e   cinit
0000fff2   __TI_int09
0000fffe   _reset_vector
ffffffff   __binit__
ffffffff   __c_args__
ffffffff   __pinit__
ffffffff   binit
ffffffff   pinit

[194 symbols]
