******************************************************************************
                  MSP430 Linker PC v4.0.0                      
******************************************************************************
>> Linked Fri Apr 26 12:33:37 2013

OUTPUT FILE NAME:   <simonSays.out>
ENTRY POINT SYMBOL: "_c_int00"  address: 0000c61e


MEMORY CONFIGURATION

         name            origin    length      used     unused   attr    fill
----------------------  --------  ---------  --------  --------  ----  --------
  SFR                   00000000   00000010  00000000  00000010  RWIX
  PERIPHERALS_8BIT      00000010   000000f0  00000000  000000f0  RWIX
  PERIPHERALS_16BIT     00000100   00000100  00000000  00000100  RWIX
  RAM                   00000200   00000200  000000b2  0000014e  RWIX
  INFOD                 00001000   00000040  00000000  00000040  RWIX
  INFOC                 00001040   00000040  00000000  00000040  RWIX
  INFOB                 00001080   00000040  00000000  00000040  RWIX
  INFOA                 000010c0   00000040  00000000  00000040  RWIX
  FLASH                 0000c000   00003fe0  00000825  000037bb  RWIX
  INT00                 0000ffe0   00000002  00000000  00000002  RWIX
  INT01                 0000ffe2   00000002  00000000  00000002  RWIX
  INT02                 0000ffe4   00000002  00000000  00000002  RWIX
  INT03                 0000ffe6   00000002  00000000  00000002  RWIX
  INT04                 0000ffe8   00000002  00000000  00000002  RWIX
  INT05                 0000ffea   00000002  00000000  00000002  RWIX
  INT06                 0000ffec   00000002  00000000  00000002  RWIX
  INT07                 0000ffee   00000002  00000000  00000002  RWIX
  INT08                 0000fff0   00000002  00000000  00000002  RWIX
  INT09                 0000fff2   00000002  00000002  00000000  RWIX
  INT10                 0000fff4   00000002  00000000  00000002  RWIX
  INT11                 0000fff6   00000002  00000000  00000002  RWIX
  INT12                 0000fff8   00000002  00000000  00000002  RWIX
  INT13                 0000fffa   00000002  00000000  00000002  RWIX
  INT14                 0000fffc   00000002  00000000  00000002  RWIX
  RESET                 0000fffe   00000002  00000002  00000000  RWIX


SECTION ALLOCATION MAP

 output                                  attributes/
section   page    origin      length       input sections
--------  ----  ----------  ----------   ----------------
.pinit     0    0000c000    00000000     UNINITIALIZED

.bss       0    00000200    00000062     UNINITIALIZED
                  00000200    00000039     main.obj (.bss)
                  00000239    00000001     --HOLE--
                  0000023a    00000020     lcdLib.obj (.bss)
                  0000025a    00000004     rts430.lib : _lock.obj (.bss)
                  0000025e    00000004                : boot.obj (.bss)

.stack     0    000003b0    00000050     UNINITIALIZED
                  000003b0    00000002     rts430.lib : boot.obj (.stack)
                  000003b2    0000004e     --HOLE--

.text      0    0000c000    0000070c     
                  0000c000    000002e0     main.obj (.text:main)
                  0000c2e0    00000086     lcdLib.obj (.text:lcdInit)
                  0000c366    0000006c     lcdLib.obj (.text:iToS)
                  0000c3d2    00000058     rts430.lib : div32u.obj (.text)
                  0000c42a    00000046                : autoinit.obj (.text:_auto_init)
                  0000c470    00000046     lcdLib.obj (.text:lcdWriteCmd)
                  0000c4b6    00000046     lcdLib.obj (.text:lcdWriteData)
                  0000c4fc    00000038     main.obj (.text:btnRead)
                  0000c534    00000036     lcdLib.obj (.text:lcdUpdate)
                  0000c56a    00000032     main.obj (.text:ledAnim)
                  0000c59c    0000002c     rts430.lib : asr16.obj (.text)
                  0000c5c8    0000002c                : lsl16.obj (.text)
                  0000c5f4    0000002a     main.obj (.text:delayMsNB)
                  0000c61e    00000026     rts430.lib : boot.obj (.text:_c_int00_noexit)
                  0000c644    00000022     main.obj (.text:seqGenerate)
                  0000c666    00000020     lcdLib.obj (.text:lcdSetText)
                  0000c686    00000018     main.obj (.text:delayMs)
                  0000c69e    00000016     rts430.lib : div16u.obj (.text)
                  0000c6b4    00000014     main.obj (.text:randGet)
                  0000c6c8    00000012     rts430.lib : memcpy.obj (.text:memcpy)
                  0000c6da    00000010                : epilog.obj (.text)
                  0000c6ea    0000000e     lcdLib.obj (.text:lcdTriggerEN)
                  0000c6f8    0000000a     main.obj (.text:Timer_A)
                  0000c702    00000004     rts430.lib : pre_init.obj (.text:_system_pre_init)
                  0000c706    00000004                : exit.obj (.text:abort)
                  0000c70a    00000002                : _lock.obj (.text:_nop)

.const     0    0000c70c    000000d7     
                  0000c70c    000000d7     main.obj (.const:.string)

.cinit     0    0000c7e4    00000042     
                  0000c7e4    00000024     lcdLib.obj (.cinit)
                  0000c808    0000001b     main.obj (.cinit)
                  0000c823    00000001     --HOLE-- [fill = 0]
                  0000c824    00000002     (.pad.cinit) [fill = 0]

.int09     0    0000fff2    00000002     
                  0000fff2    00000002     main.obj (.int09)

.reset     0    0000fffe    00000002     
                  0000fffe    00000002     rts430.lib : boot.obj (.reset)


GLOBAL SYMBOLS: SORTED ALPHABETICALLY BY Name 

address    name
--------   ----
00000200   .bss
0000c000   .text
0000004a   ADC10AE0
000001b0   ADC10CTL0
000001b2   ADC10CTL1
00000048   ADC10DTC0
00000049   ADC10DTC1
000001b4   ADC10MEM
000001bc   ADC10SA
00000057   BCSCTL1
00000058   BCSCTL2
00000053   BCSCTL3
0000c706   C$$EXIT
00000059   CACTL1
0000005a   CACTL2
000010fb   CALBC1_12MHZ
000010f9   CALBC1_16MHZ
000010ff   CALBC1_1MHZ
000010fd   CALBC1_8MHZ
000010fa   CALDCO_12MHZ
000010f8   CALDCO_16MHZ
000010fe   CALDCO_1MHZ
000010fc   CALDCO_8MHZ
0000005b   CAPD
00000056   DCOCTL
00000128   FCTL1
0000012a   FCTL2
0000012c   FCTL3
00000000   IE1
00000001   IE2
00000002   IFG1
00000003   IFG2
0000c59c   I_ASR
0000c5c4   I_ASR_1
0000c5b2   I_ASR_10
0000c5b0   I_ASR_11
0000c5ae   I_ASR_12
0000c5ac   I_ASR_13
0000c5aa   I_ASR_14
0000c5a8   I_ASR_15
0000c5c2   I_ASR_2
0000c5c0   I_ASR_3
0000c5be   I_ASR_4
0000c5bc   I_ASR_5
0000c5ba   I_ASR_6
0000c5b8   I_ASR_7
0000c5b6   I_ASR_8
0000c5b4   I_ASR_9
0000c5c8   I_LSL
0000c5f0   I_LSL_1
0000c5de   I_LSL_10
0000c5dc   I_LSL_11
0000c5da   I_LSL_12
0000c5d8   I_LSL_13
0000c5d6   I_LSL_14
0000c5d4   I_LSL_15
0000c5ee   I_LSL_2
0000c5ec   I_LSL_3
0000c5ea   I_LSL_4
0000c5e8   I_LSL_5
0000c5e6   I_LSL_6
0000c5e4   I_LSL_7
0000c5e2   I_LSL_8
0000c5e0   I_LSL_9
00000022   P1DIR
00000025   P1IE
00000024   P1IES
00000023   P1IFG
00000020   P1IN
00000021   P1OUT
00000027   P1REN
00000026   P1SEL
00000041   P1SEL2
0000002a   P2DIR
0000002d   P2IE
0000002c   P2IES
0000002b   P2IFG
00000028   P2IN
00000029   P2OUT
0000002f   P2REN
0000002e   P2SEL
00000042   P2SEL2
0000001a   P3DIR
00000018   P3IN
00000019   P3OUT
00000010   P3REN
0000001b   P3SEL
00000043   P3SEL2
00000172   TA0CCR0
00000174   TA0CCR1
00000176   TA0CCR2
00000162   TA0CCTL0
00000164   TA0CCTL1
00000166   TA0CCTL2
00000160   TA0CTL
0000012e   TA0IV
00000170   TA0R
00000192   TA1CCR0
00000194   TA1CCR1
00000196   TA1CCR2
00000182   TA1CCTL0
00000184   TA1CCTL1
00000186   TA1CCTL2
00000180   TA1CTL
0000011e   TA1IV
00000190   TA1R
0000c6f8   Timer_A
0000005d   UCA0ABCTL
00000062   UCA0BR0
00000063   UCA0BR1
00000060   UCA0CTL0
00000061   UCA0CTL1
0000005f   UCA0IRRCTL
0000005e   UCA0IRTCTL
00000064   UCA0MCTL
00000066   UCA0RXBUF
00000065   UCA0STAT
00000067   UCA0TXBUF
0000006a   UCB0BR0
0000006b   UCB0BR1
00000068   UCB0CTL0
00000069   UCB0CTL1
0000006c   UCB0I2CIE
00000118   UCB0I2COA
0000011a   UCB0I2CSA
0000006e   UCB0RXBUF
0000006d   UCB0STAT
0000006f   UCB0TXBUF
00000120   WDTCTL
00000400   __STACK_END
00000050   __STACK_SIZE
00000001   __TI_args_main
00000001   __TI_auto_init
00000001   __TI_exit
ffffffff   __binit__
00000200   __bss__
ffffffff   __c_args__
0000c7e4   __cinit__
0000c69e   __divu
0000c3d2   __divul
00000262   __end__
0000c70c   __etext__
ffffffff   __pinit__
0000c69e   __remu
0000c3d2   __remul
0000c000   __text__
0000c42a   _auto_init
0000c61e   _c_int00
0000c61e   _c_int00_noexit
0000025e   _cleanup_ptr
00000260   _dtors_ptr
0000025a   _lock
0000c70a   _nop
0000fffe   _reset_vector
000003b0   _stack
0000c702   _system_pre_init
0000025c   _unlock
0000c706   abort
ffffffff   binit
0000c4fc   btnRead
0000c7e4   cinit
0000c686   delayMs
0000c5f4   delayMsNB
00000262   end
0000c70c   etext
0000c6e6   func_epilog_1
0000c6e4   func_epilog_2
0000c6e2   func_epilog_3
0000c6e0   func_epilog_4
0000c6de   func_epilog_5
0000c6dc   func_epilog_6
0000c6da   func_epilog_7
0000c366   iToS
0000023a   lcdBuffer
0000c2e0   lcdInit
0000c666   lcdSetText
0000c6ea   lcdTriggerEN
0000c534   lcdUpdate
0000c470   lcdWriteCmd
0000c4b6   lcdWriteData
0000c56a   ledAnim
0000c000   main
0000c6c8   memcpy
ffffffff   pinit
00000204   rand
0000c6b4   randGet
0000c644   seqGenerate
00000200   time


GLOBAL SYMBOLS: SORTED BY Symbol Address 

address    name
--------   ----
00000000   IE1
00000001   IE2
00000001   __TI_args_main
00000001   __TI_auto_init
00000001   __TI_exit
00000002   IFG1
00000003   IFG2
00000010   P3REN
00000018   P3IN
00000019   P3OUT
0000001a   P3DIR
0000001b   P3SEL
00000020   P1IN
00000021   P1OUT
00000022   P1DIR
00000023   P1IFG
00000024   P1IES
00000025   P1IE
00000026   P1SEL
00000027   P1REN
00000028   P2IN
00000029   P2OUT
0000002a   P2DIR
0000002b   P2IFG
0000002c   P2IES
0000002d   P2IE
0000002e   P2SEL
0000002f   P2REN
00000041   P1SEL2
00000042   P2SEL2
00000043   P3SEL2
00000048   ADC10DTC0
00000049   ADC10DTC1
0000004a   ADC10AE0
00000050   __STACK_SIZE
00000053   BCSCTL3
00000056   DCOCTL
00000057   BCSCTL1
00000058   BCSCTL2
00000059   CACTL1
0000005a   CACTL2
0000005b   CAPD
0000005d   UCA0ABCTL
0000005e   UCA0IRTCTL
0000005f   UCA0IRRCTL
00000060   UCA0CTL0
00000061   UCA0CTL1
00000062   UCA0BR0
00000063   UCA0BR1
00000064   UCA0MCTL
00000065   UCA0STAT
00000066   UCA0RXBUF
00000067   UCA0TXBUF
00000068   UCB0CTL0
00000069   UCB0CTL1
0000006a   UCB0BR0
0000006b   UCB0BR1
0000006c   UCB0I2CIE
0000006d   UCB0STAT
0000006e   UCB0RXBUF
0000006f   UCB0TXBUF
00000118   UCB0I2COA
0000011a   UCB0I2CSA
0000011e   TA1IV
00000120   WDTCTL
00000128   FCTL1
0000012a   FCTL2
0000012c   FCTL3
0000012e   TA0IV
00000160   TA0CTL
00000162   TA0CCTL0
00000164   TA0CCTL1
00000166   TA0CCTL2
00000170   TA0R
00000172   TA0CCR0
00000174   TA0CCR1
00000176   TA0CCR2
00000180   TA1CTL
00000182   TA1CCTL0
00000184   TA1CCTL1
00000186   TA1CCTL2
00000190   TA1R
00000192   TA1CCR0
00000194   TA1CCR1
00000196   TA1CCR2
000001b0   ADC10CTL0
000001b2   ADC10CTL1
000001b4   ADC10MEM
000001bc   ADC10SA
00000200   .bss
00000200   __bss__
00000200   time
00000204   rand
0000023a   lcdBuffer
0000025a   _lock
0000025c   _unlock
0000025e   _cleanup_ptr
00000260   _dtors_ptr
00000262   __end__
00000262   end
000003b0   _stack
00000400   __STACK_END
000010f8   CALDCO_16MHZ
000010f9   CALBC1_16MHZ
000010fa   CALDCO_12MHZ
000010fb   CALBC1_12MHZ
000010fc   CALDCO_8MHZ
000010fd   CALBC1_8MHZ
000010fe   CALDCO_1MHZ
000010ff   CALBC1_1MHZ
0000c000   .text
0000c000   __text__
0000c000   main
0000c2e0   lcdInit
0000c366   iToS
0000c3d2   __divul
0000c3d2   __remul
0000c42a   _auto_init
0000c470   lcdWriteCmd
0000c4b6   lcdWriteData
0000c4fc   btnRead
0000c534   lcdUpdate
0000c56a   ledAnim
0000c59c   I_ASR
0000c5a8   I_ASR_15
0000c5aa   I_ASR_14
0000c5ac   I_ASR_13
0000c5ae   I_ASR_12
0000c5b0   I_ASR_11
0000c5b2   I_ASR_10
0000c5b4   I_ASR_9
0000c5b6   I_ASR_8
0000c5b8   I_ASR_7
0000c5ba   I_ASR_6
0000c5bc   I_ASR_5
0000c5be   I_ASR_4
0000c5c0   I_ASR_3
0000c5c2   I_ASR_2
0000c5c4   I_ASR_1
0000c5c8   I_LSL
0000c5d4   I_LSL_15
0000c5d6   I_LSL_14
0000c5d8   I_LSL_13
0000c5da   I_LSL_12
0000c5dc   I_LSL_11
0000c5de   I_LSL_10
0000c5e0   I_LSL_9
0000c5e2   I_LSL_8
0000c5e4   I_LSL_7
0000c5e6   I_LSL_6
0000c5e8   I_LSL_5
0000c5ea   I_LSL_4
0000c5ec   I_LSL_3
0000c5ee   I_LSL_2
0000c5f0   I_LSL_1
0000c5f4   delayMsNB
0000c61e   _c_int00
0000c61e   _c_int00_noexit
0000c644   seqGenerate
0000c666   lcdSetText
0000c686   delayMs
0000c69e   __divu
0000c69e   __remu
0000c6b4   randGet
0000c6c8   memcpy
0000c6da   func_epilog_7
0000c6dc   func_epilog_6
0000c6de   func_epilog_5
0000c6e0   func_epilog_4
0000c6e2   func_epilog_3
0000c6e4   func_epilog_2
0000c6e6   func_epilog_1
0000c6ea   lcdTriggerEN
0000c6f8   Timer_A
0000c702   _system_pre_init
0000c706   C$$EXIT
0000c706   abort
0000c70a   _nop
0000c70c   __etext__
0000c70c   etext
0000c7e4   __cinit__
0000c7e4   cinit
0000fffe   _reset_vector
ffffffff   __binit__
ffffffff   __c_args__
ffffffff   __pinit__
ffffffff   binit
ffffffff   pinit

[188 symbols]
